// Jest Snapshot v1, https://goo.gl/fbAQLP

exports[`ExpenseListItem Test Suite Should render an ExpenseListItem 1`] = `
<Link
  className="list-item"
  to="/edit/2"
>
  <div>
    <h3>
      Louisa Coffee
    </h3>
    <span>
      $7,000.00
    </span>
  </div>
  <h4>
    <span>
      Jan 3rd 1970
    </span>
  </h4>
</Link>
`;
