// Jest Snapshot v1, https://goo.gl/fbAQLP

exports[`the behavior of Header Component should shallow render a Header. 1`] = `
<header>
  <h1>
    Expensify
  </h1>
  <NavLink
    activeClassName="is-active"
    exact={true}
    to="/"
  >
     Home 
  </NavLink>
  <NavLink
    activeClassName="is-active"
    to="/create"
  >
     AddExpense 
  </NavLink>
  <button
    onClick={[MockFunction]}
  >
     LogOut 
  </button>
</header>
`;
